Copyright 1986-2022 Xilinx, Inc. All Rights Reserved. Copyright 2022-2025 Advanced Micro Devices, Inc. All Rights Reserved.
---------------------------------------------------------------------------------------------------------------------------------------------
| Tool Version : Vivado v.2025.2 (win64) Build 6299465 Fri Nov 14 19:35:11 GMT 2025
| Date         : Fri Jul 17 02:28:49 2026
| Host         : sathwiik running 64-bit major release  (build 9200)
| Command      : report_utilization -hierarchical -file util.rpt
| Design       : risc_top
| Device       : xc7a200tfbg676-3
| Speed File   : -3
| Design State : Synthesized
---------------------------------------------------------------------------------------------------------------------------------------------

Utilization Design Information

Table of Contents
-----------------
1. Utilization by Hierarchy

1. Utilization by Hierarchy
---------------------------

+--------------+--------+------------+------------+---------+------+-----+--------+--------+------------+
|   Instance   | Module | Total LUTs | Logic LUTs | LUTRAMs | SRLs | FFs | RAMB36 | RAMB18 | DSP Blocks |
+--------------+--------+------------+------------+---------+------+-----+--------+--------+------------+
| risc_top     |  (top) |          3 |          3 |       0 |    0 |  34 |      0 |      0 |          0 |
|   (risc_top) |  (top) |          0 |          0 |       0 |    0 |   0 |      0 |      0 |          0 |
+--------------+--------+------------+------------+---------+------+-----+--------+--------+------------+


